// Jest Snapshot v1, https://goo.gl/fbAQLP

exports[`Default render of a toggle list 1`] = `
<div
  className="mui-toggle-list"
>
  <div>
    {"customClasses":{},"content":"Foo content","title":"Foo"}
  </div>
  <div>
    {"customClasses":{},"content":"Bar content","title":"Bar"}
  </div>
  <div>
    {"customClasses":{},"content":"Baz content","title":"Baz"}
  </div>
</div>
`;
