// Jest Snapshot v1, https://goo.gl/fbAQLP

exports[`Default render of table footer 1`] = `null`;

exports[`Table footer has a previous page 1`] = `null`;

exports[`Table footer render that has a next page 1`] = `
<div
  className="table-footer m-t-sm"
>
  <div>
    <button
      disabled={true}
      type="button"
    >
      <i
        className="fas fa-chevron-left"
      />
       Previous
    </button>
    <button
      disabled={false}
      type="button"
    >
      Next 
      <i
        className="fas fa-chevron-right"
      />
    </button>
  </div>
  <div
    className="text-center"
  >
    <p>
      Showing 
      <b>
        1
      </b>
       to 
      <b>
        25
      </b>
       of 
      <b>
        20
      </b>
       records
    </p>
  </div>
  <div
    className="page-dropdown"
  >
    <input
      autoComplete="false"
      className="mui-mi-input-field page-dropdown-input"
      data-testid="pagedropdown"
      name="page-dropdown"
      onBlur={[Function]}
      onChange={[Function]}
      placeholder="Enter number"
      type="text"
      value="1"
    />
    of 
    2
     pages
  </div>
</div>
`;

exports[`Table footer render with no records 1`] = `null`;
