// Jest Snapshot v1, https://goo.gl/fbAQLP

exports[`Default render of table footer 1`] = `null`;

exports[`Table footer has a previous page 1`] = `null`;

exports[`Table footer render that has a next page 1`] = `
<div
  className="table-footer row m-t-sm"
>
  <div
    className="col-4"
  >
    <div>
      {"hasPrevious":false}
    </div>
    <div>
      {"hasNext":true}
    </div>
  </div>
  <div
    className="col-4"
  >
    <div>
      {"currentPage":1,"pageSize":10,"recordCount":20}
    </div>
  </div>
  <div>
    {"currentPage":1,"pageSize":10,"recordCount":20}
  </div>
</div>
`;

exports[`Table footer render with no records 1`] = `null`;
