// Jest Snapshot v1, https://goo.gl/fbAQLP

exports[`Default render of page dropdown 1`] = `null`;

exports[`Page dropdown with infinity max page 1`] = `
<div
  className="page-dropdown"
>
  <div>
    {"className":"page-dropdown-input","name":"page-dropdown","value":1}
  </div>
  <span>
    of 
    NaN
     pages
  </span>
</div>
`;

exports[`Page dropdown with less than negative max page 1`] = `null`;
