// Jest Snapshot v1, https://goo.gl/fbAQLP

exports[`Default render of image cell 1`] = `
<img
  className="table-image-cell"
  src="/foo"
/>
`;

exports[`Image cell in edit mode with a value 1`] = `
Array [
  <img
    className="table-image-cell"
    src="/foo.jpg"
  />,
  <i
    className="fa fa-times table-cell-edit-image"
    data-testid="table-image-delete"
    onClick={[Function]}
  />,
]
`;
