// Jest Snapshot v1, https://goo.gl/fbAQLP

exports[`Render of header where is it not collapsed 1`] = `
<div
  className="table-header-container"
>
  <div
    className="table-header-filter"
  >
    <div>
      {"customClasses":{"results":"results-zindex"}}
    </div>
  </div>
  <div>
    {"isToolbarCollapsed":false}
  </div>
</div>
`;

exports[`Render of header where it is collapsed 1`] = `
<div
  className="table-header-container"
>
  <div
    className="table-header-filter"
  >
    <div>
      {"customClasses":{"results":"results-zindex"}}
    </div>
  </div>
  <div>
    {"isToolbarCollapsed":false}
  </div>
</div>
`;
