// Jest Snapshot v1, https://goo.gl/fbAQLP

exports[`Calendar Component Should render with base props 1`] = `
<div>
  <div
    class="APMCalendar"
    data-testid="calendar"
  >
    <div>
      <button
        data-testid="left-button"
      />
      <button
        data-testid="right-button"
      />
    </div>
    <table
      class="APMCalendar-table"
    >
      <thead>
        <tr>
          <td
            class="APMCalendar-table-heading"
          >
            Sun
          </td>
          <td
            class="APMCalendar-table-heading"
          >
            Mon
          </td>
          <td
            class="APMCalendar-table-heading"
          >
            Tue
          </td>
          <td
            class="APMCalendar-table-heading"
          >
            Wed
          </td>
          <td
            class="APMCalendar-table-heading"
          >
            Thu
          </td>
          <td
            class="APMCalendar-table-heading"
          >
            Fri
          </td>
          <td
            class="APMCalendar-table-heading"
          >
            Sat
          </td>
        </tr>
      </thead>
      <tbody>
        <tr>
          <td>
            <button
              data-testid="calendar-day"
            >
              CalendarDay
            </button>
          </td>
          <td>
            <button
              data-testid="calendar-day"
            >
              CalendarDay
            </button>
          </td>
          <td>
            <button
              data-testid="calendar-day"
            >
              CalendarDay
            </button>
          </td>
          <td>
            <button
              data-testid="calendar-day"
            >
              CalendarDay
            </button>
          </td>
          <td>
            <button
              data-testid="calendar-day"
            >
              CalendarDay
            </button>
          </td>
          <td>
            <button
              data-testid="calendar-day"
            >
              CalendarDay
            </button>
          </td>
          <td>
            <button
              data-testid="calendar-day"
            >
              CalendarDay
            </button>
          </td>
        </tr>
        <tr>
          <td>
            <button
              data-testid="calendar-day"
            >
              CalendarDay
            </button>
          </td>
          <td>
            <button
              data-testid="calendar-day"
            >
              CalendarDay
            </button>
          </td>
          <td>
            <button
              data-testid="calendar-day"
            >
              CalendarDay
            </button>
          </td>
          <td>
            <button
              data-testid="calendar-day"
            >
              CalendarDay
            </button>
          </td>
          <td>
            <button
              data-testid="calendar-day"
            >
              CalendarDay
            </button>
          </td>
          <td>
            <button
              data-testid="calendar-day"
            >
              CalendarDay
            </button>
          </td>
          <td>
            <button
              data-testid="calendar-day"
            >
              CalendarDay
            </button>
          </td>
        </tr>
        <tr>
          <td>
            <button
              data-testid="calendar-day"
            >
              CalendarDay
            </button>
          </td>
          <td>
            <button
              data-testid="calendar-day"
            >
              CalendarDay
            </button>
          </td>
          <td>
            <button
              data-testid="calendar-day"
            >
              CalendarDay
            </button>
          </td>
          <td>
            <button
              data-testid="calendar-day"
            >
              CalendarDay
            </button>
          </td>
          <td>
            <button
              data-testid="calendar-day"
            >
              CalendarDay
            </button>
          </td>
          <td>
            <button
              data-testid="calendar-day"
            >
              CalendarDay
            </button>
          </td>
          <td>
            <button
              data-testid="calendar-day"
            >
              CalendarDay
            </button>
          </td>
        </tr>
        <tr>
          <td>
            <button
              data-testid="calendar-day"
            >
              CalendarDay
            </button>
          </td>
          <td>
            <button
              data-testid="calendar-day"
            >
              CalendarDay
            </button>
          </td>
          <td>
            <button
              data-testid="calendar-day"
            >
              CalendarDay
            </button>
          </td>
          <td>
            <button
              data-testid="calendar-day"
            >
              CalendarDay
            </button>
          </td>
          <td>
            <button
              data-testid="calendar-day"
            >
              CalendarDay
            </button>
          </td>
          <td>
            <button
              data-testid="calendar-day"
            >
              CalendarDay
            </button>
          </td>
          <td>
            <button
              data-testid="calendar-day"
            >
              CalendarDay
            </button>
          </td>
        </tr>
        <tr>
          <td>
            <button
              data-testid="calendar-day"
            >
              CalendarDay
            </button>
          </td>
          <td>
            <button
              data-testid="calendar-day"
            >
              CalendarDay
            </button>
          </td>
          <td>
            <button
              data-testid="calendar-day"
            >
              CalendarDay
            </button>
          </td>
          <td>
            <button
              data-testid="calendar-day"
            >
              CalendarDay
            </button>
          </td>
          <td>
            <button
              data-testid="calendar-day"
            >
              CalendarDay
            </button>
          </td>
          <td>
            <button
              data-testid="calendar-day"
            >
              CalendarDay
            </button>
          </td>
          <td>
            <button
              data-testid="calendar-day"
            >
              CalendarDay
            </button>
          </td>
        </tr>
        <tr>
          <td>
            <button
              data-testid="calendar-day"
            >
              CalendarDay
            </button>
          </td>
          <td>
            <button
              data-testid="calendar-day"
            >
              CalendarDay
            </button>
          </td>
          <td>
            <button
              data-testid="calendar-day"
            >
              CalendarDay
            </button>
          </td>
          <td>
            <button
              data-testid="calendar-day"
            >
              CalendarDay
            </button>
          </td>
          <td>
            <button
              data-testid="calendar-day"
            >
              CalendarDay
            </button>
          </td>
          <td>
            <button
              data-testid="calendar-day"
            >
              CalendarDay
            </button>
          </td>
          <td>
            <button
              data-testid="calendar-day"
            >
              CalendarDay
            </button>
          </td>
        </tr>
      </tbody>
    </table>
  </div>
</div>
`;
